[2026-03-10 01:48:56] laravel.EMERGENCY: Unable to create configured logger. Using emergency logger. {"exception":"[object] (InvalidArgumentException(code: 0): Log [] is not defined. at \\\\RAPIDX\\RAPIDX SYSTEMS\\TRDSv2_laravel8\\vendor\\laravel\\framework\\src\\Illuminate\\Log\\LogManager.php:200)
[stacktrace]
#0 \\\\RAPIDX\\RAPIDX SYSTEMS\\TRDSv2_laravel8\\vendor\\laravel\\framework\\src\\Illuminate\\Log\\LogManager.php(125): Illuminate\\Log\\LogManager->resolve(NULL, NULL)
#1 \\\\RAPIDX\\RAPIDX SYSTEMS\\TRDSv2_laravel8\\vendor\\laravel\\framework\\src\\Illuminate\\Log\\LogManager.php(112): Illuminate\\Log\\LogManager->get(NULL)
#2 \\\\RAPIDX\\RAPIDX SYSTEMS\\TRDSv2_laravel8\\vendor\\laravel\\framework\\src\\Illuminate\\Log\\LogManager.php(590): Illuminate\\Log\\LogManager->driver()
#3 \\\\RAPIDX\\RAPIDX SYSTEMS\\TRDSv2_laravel8\\vendor\\laravel\\framework\\src\\Illuminate\\Foundation\\Exceptions\\Handler.php(247): Illuminate\\Log\\LogManager->error('syntax error, u...', Array)
#4 \\\\RAPIDX\\RAPIDX SYSTEMS\\TRDSv2_laravel8\\app\\Exceptions\\Handler.php(37): Illuminate\\Foundation\\Exceptions\\Handler->report(Object(ParseError))
#5 \\\\RAPIDX\\RAPIDX SYSTEMS\\TRDSv2_laravel8\\vendor\\laravel\\framework\\src\\Illuminate\\Foundation\\Console\\Kernel.php(366): App\\Exceptions\\Handler->report(Object(ParseError))
#6 \\\\RAPIDX\\RAPIDX SYSTEMS\\TRDSv2_laravel8\\vendor\\laravel\\framework\\src\\Illuminate\\Foundation\\Console\\Kernel.php(131): Illuminate\\Foundation\\Console\\Kernel->reportException(Object(ParseError))
#7 \\\\RAPIDX\\RAPIDX SYSTEMS\\TRDSv2_laravel8\\artisan(35): Illuminate\\Foundation\\Console\\Kernel->handle(Object(Symfony\\Component\\Console\\Input\\ArgvInput), Object(Symfony\\Component\\Console\\Output\\ConsoleOutput))
#8 {main}
"} 
[2026-03-10 01:48:56] laravel.ERROR: syntax error, unexpected token "<<", expecting "]" {"exception":"[object] (ParseError(code: 0): syntax error, unexpected token \"<<\", expecting \"]\" at \\\\RAPIDX\\RAPIDX SYSTEMS\\TRDSv2_laravel8\\config\\database.php:105)
[stacktrace]
#0 \\\\RAPIDX\\RAPIDX SYSTEMS\\TRDSv2_laravel8\\vendor\\laravel\\framework\\src\\Illuminate\\Foundation\\Bootstrap\\LoadConfiguration.php(39): Illuminate\\Foundation\\Bootstrap\\LoadConfiguration->loadConfigurationFiles(Object(Illuminate\\Foundation\\Application), Object(Illuminate\\Config\\Repository))
#1 \\\\RAPIDX\\RAPIDX SYSTEMS\\TRDSv2_laravel8\\vendor\\laravel\\framework\\src\\Illuminate\\Foundation\\Application.php(237): Illuminate\\Foundation\\Bootstrap\\LoadConfiguration->bootstrap(Object(Illuminate\\Foundation\\Application))
#2 \\\\RAPIDX\\RAPIDX SYSTEMS\\TRDSv2_laravel8\\vendor\\laravel\\framework\\src\\Illuminate\\Foundation\\Console\\Kernel.php(310): Illuminate\\Foundation\\Application->bootstrapWith(Array)
#3 \\\\RAPIDX\\RAPIDX SYSTEMS\\TRDSv2_laravel8\\vendor\\laravel\\framework\\src\\Illuminate\\Foundation\\Console\\Kernel.php(127): Illuminate\\Foundation\\Console\\Kernel->bootstrap()
#4 \\\\RAPIDX\\RAPIDX SYSTEMS\\TRDSv2_laravel8\\artisan(35): Illuminate\\Foundation\\Console\\Kernel->handle(Object(Symfony\\Component\\Console\\Input\\ArgvInput), Object(Symfony\\Component\\Console\\Output\\ConsoleOutput))
#5 {main}
"} 
[2026-03-10 09:56:42] laravel.EMERGENCY: Unable to create configured logger. Using emergency logger. {"exception":"[object] (InvalidArgumentException(code: 0): Log [] is not defined. at /var/www/TRDSv2_laravel8/vendor/laravel/framework/src/Illuminate/Log/LogManager.php:200)
[stacktrace]
#0 /var/www/TRDSv2_laravel8/vendor/laravel/framework/src/Illuminate/Log/LogManager.php(125): Illuminate\\Log\\LogManager->resolve(NULL, NULL)
#1 /var/www/TRDSv2_laravel8/vendor/laravel/framework/src/Illuminate/Log/LogManager.php(112): Illuminate\\Log\\LogManager->get(NULL)
#2 /var/www/TRDSv2_laravel8/vendor/laravel/framework/src/Illuminate/Log/LogManager.php(590): Illuminate\\Log\\LogManager->driver()
#3 /var/www/TRDSv2_laravel8/vendor/laravel/framework/src/Illuminate/Foundation/Exceptions/Handler.php(252): Illuminate\\Log\\LogManager->error('syntax error, u...', Array)
#4 /var/www/TRDSv2_laravel8/app/Exceptions/Handler.php(37): Illuminate\\Foundation\\Exceptions\\Handler->report(Object(ParseError))
#5 /var/www/TRDSv2_laravel8/vendor/laravel/framework/src/Illuminate/Foundation/Http/Kernel.php(415): App\\Exceptions\\Handler->report(Object(ParseError))
#6 /var/www/TRDSv2_laravel8/vendor/laravel/framework/src/Illuminate/Foundation/Http/Kernel.php(113): Illuminate\\Foundation\\Http\\Kernel->reportException(Object(ParseError))
#7 /var/www/TRDSv2_laravel8/index.php(55): Illuminate\\Foundation\\Http\\Kernel->handle(Object(Illuminate\\Http\\Request))
#8 {main}
"} 
[2026-03-10 09:56:42] laravel.ERROR: syntax error, unexpected '<<' (T_SL), expecting ']' {"exception":"[object] (ParseError(code: 0): syntax error, unexpected '<<' (T_SL), expecting ']' at /var/www/TRDSv2_laravel8/config/database.php:105)
[stacktrace]
#0 /var/www/TRDSv2_laravel8/vendor/laravel/framework/src/Illuminate/Foundation/Bootstrap/LoadConfiguration.php(39): Illuminate\\Foundation\\Bootstrap\\LoadConfiguration->loadConfigurationFiles(Object(Illuminate\\Foundation\\Application), Object(Illuminate\\Config\\Repository))
#1 /var/www/TRDSv2_laravel8/vendor/laravel/framework/src/Illuminate/Foundation/Application.php(237): Illuminate\\Foundation\\Bootstrap\\LoadConfiguration->bootstrap(Object(Illuminate\\Foundation\\Application))
#2 /var/www/TRDSv2_laravel8/vendor/laravel/framework/src/Illuminate/Foundation/Http/Kernel.php(153): Illuminate\\Foundation\\Application->bootstrapWith(Array)
#3 /var/www/TRDSv2_laravel8/vendor/laravel/framework/src/Illuminate/Foundation/Http/Kernel.php(137): Illuminate\\Foundation\\Http\\Kernel->bootstrap()
#4 /var/www/TRDSv2_laravel8/vendor/laravel/framework/src/Illuminate/Foundation/Http/Kernel.php(111): Illuminate\\Foundation\\Http\\Kernel->sendRequestThroughRouter(Object(Illuminate\\Http\\Request))
#5 /var/www/TRDSv2_laravel8/index.php(55): Illuminate\\Foundation\\Http\\Kernel->handle(Object(Illuminate\\Http\\Request))
#6 {main}
"} 
