[2026-03-31 07:35:44] local.ERROR: SQLSTATE[42S01]: Base table or view already exists: 1050 Table 'exam_result_details' already exists (SQL: create table `exam_result_details` (`id` bigint unsigned not null auto_increment primary key, `exam_result_id` bigint unsigned not null comment 'exam_results ID', `questionnaire_id` bigint unsigned not null comment 'questionnaires ID', `questionnaire_revision_no` bigint unsigned null comment 'questionnaires revision no', `questionnaire` json null, `questionnaire_details` json null, `exam_result` json null, `identification_essay_score` tinyint unsigned null, `score` tinyint unsigned null, `rating` tinyint unsigned null, `remark` varchar(255) null, `date_examination` date null, `exam_result_status` tinyint unsigned not null default '0' comment '0-For Review, 1-Completed', `status` tinyint unsigned not null default '0' comment '0-active, 1-deactivate', `logdel` tinyint unsigned not null default '0' comment '0-Show, 1-Hide', `created_at` timestamp null, `updated_at` timestamp null) default character set utf8mb4 collate 'utf8mb4_unicode_ci') {"exception":"[object] (Illuminate\\Database\\QueryException(code: 42S01): SQLSTATE[42S01]: Base table or view already exists: 1050 Table 'exam_result_details' already exists (SQL: create table `exam_result_details` (`id` bigint unsigned not null auto_increment primary key, `exam_result_id` bigint unsigned not null comment 'exam_results ID', `questionnaire_id` bigint unsigned not null comment 'questionnaires ID', `questionnaire_revision_no` bigint unsigned null comment 'questionnaires revision no', `questionnaire` json null, `questionnaire_details` json null, `exam_result` json null, `identification_essay_score` tinyint unsigned null, `score` tinyint unsigned null, `rating` tinyint unsigned null, `remark` varchar(255) null, `date_examination` date null, `exam_result_status` tinyint unsigned not null default '0' comment '0-For Review, 1-Completed', `status` tinyint unsigned not null default '0' comment '0-active, 1-deactivate', `logdel` tinyint unsigned not null default '0' comment '0-Show, 1-Hide', `created_at` timestamp null, `updated_at` timestamp null) default character set utf8mb4 collate 'utf8mb4_unicode_ci') at /var/www/TRDSv2/vendor/laravel/framework/src/Illuminate/Database/Connection.php:712)
[stacktrace]
#0 /var/www/TRDSv2/vendor/laravel/framework/src/Illuminate/Database/Connection.php(672): Illuminate\\Database\\Connection->runQueryCallback()
#1 /var/www/TRDSv2/vendor/laravel/framework/src/Illuminate/Database/Connection.php(502): Illuminate\\Database\\Connection->run()
#2 /var/www/TRDSv2/vendor/laravel/framework/src/Illuminate/Database/Schema/Blueprint.php(109): Illuminate\\Database\\Connection->statement()
#3 /var/www/TRDSv2/vendor/laravel/framework/src/Illuminate/Database/Schema/Builder.php(364): Illuminate\\Database\\Schema\\Blueprint->build()
#4 /var/www/TRDSv2/vendor/laravel/framework/src/Illuminate/Database/Schema/Builder.php(227): Illuminate\\Database\\Schema\\Builder->build()
#5 /var/www/TRDSv2/vendor/laravel/framework/src/Illuminate/Support/Facades/Facade.php(261): Illuminate\\Database\\Schema\\Builder->create()
#6 /var/www/TRDSv2/database/migrations/2026_03_27_053704_create_exam_result_details_table.php(36): Illuminate\\Support\\Facades\\Facade::__callStatic()
#7 /var/www/TRDSv2/vendor/laravel/framework/src/Illuminate/Database/Migrations/Migrator.php(472): CreateExamResultDetailsTable->up()
#8 /var/www/TRDSv2/vendor/laravel/framework/src/Illuminate/Database/Migrations/Migrator.php(394): Illuminate\\Database\\Migrations\\Migrator->runMethod()
#9 /var/www/TRDSv2/vendor/laravel/framework/src/Illuminate/Database/Migrations/Migrator.php(403): Illuminate\\Database\\Migrations\\Migrator->Illuminate\\Database\\Migrations\\{closure}()
#10 /var/www/TRDSv2/vendor/laravel/framework/src/Illuminate/Database/Migrations/Migrator.php(202): Illuminate\\Database\\Migrations\\Migrator->runMigration()
#11 /var/www/TRDSv2/vendor/laravel/framework/src/Illuminate/Database/Migrations/Migrator.php(167): Illuminate\\Database\\Migrations\\Migrator->runUp()
#12 /var/www/TRDSv2/vendor/laravel/framework/src/Illuminate/Database/Migrations/Migrator.php(112): Illuminate\\Database\\Migrations\\Migrator->runPending()
#13 /var/www/TRDSv2/vendor/laravel/framework/src/Illuminate/Database/Console/Migrations/MigrateCommand.php(86): Illuminate\\Database\\Migrations\\Migrator->run()
#14 /var/www/TRDSv2/vendor/laravel/framework/src/Illuminate/Database/Migrations/Migrator.php(606): Illuminate\\Database\\Console\\Migrations\\MigrateCommand->Illuminate\\Database\\Console\\Migrations\\{closure}()
#15 /var/www/TRDSv2/vendor/laravel/framework/src/Illuminate/Database/Console/Migrations/MigrateCommand.php(98): Illuminate\\Database\\Migrations\\Migrator->usingConnection()
#16 /var/www/TRDSv2/vendor/laravel/framework/src/Illuminate/Container/BoundMethod.php(36): Illuminate\\Database\\Console\\Migrations\\MigrateCommand->handle()
#17 /var/www/TRDSv2/vendor/laravel/framework/src/Illuminate/Container/Util.php(40): Illuminate\\Container\\BoundMethod::Illuminate\\Container\\{closure}()
#18 /var/www/TRDSv2/vendor/laravel/framework/src/Illuminate/Container/BoundMethod.php(93): Illuminate\\Container\\Util::unwrapIfClosure()
#19 /var/www/TRDSv2/vendor/laravel/framework/src/Illuminate/Container/BoundMethod.php(37): Illuminate\\Container\\BoundMethod::callBoundMethod()
#20 /var/www/TRDSv2/vendor/laravel/framework/src/Illuminate/Container/Container.php(653): Illuminate\\Container\\BoundMethod::call()
#21 /var/www/TRDSv2/vendor/laravel/framework/src/Illuminate/Console/Command.php(136): Illuminate\\Container\\Container->call()
#22 /var/www/TRDSv2/vendor/symfony/console/Command/Command.php(298): Illuminate\\Console\\Command->execute()
#23 /var/www/TRDSv2/vendor/laravel/framework/src/Illuminate/Console/Command.php(121): Symfony\\Component\\Console\\Command\\Command->run()
#24 /var/www/TRDSv2/vendor/symfony/console/Application.php(1040): Illuminate\\Console\\Command->run()
#25 /var/www/TRDSv2/vendor/symfony/console/Application.php(301): Symfony\\Component\\Console\\Application->doRunCommand()
#26 /var/www/TRDSv2/vendor/symfony/console/Application.php(171): Symfony\\Component\\Console\\Application->doRun()
#27 /var/www/TRDSv2/vendor/laravel/framework/src/Illuminate/Console/Application.php(94): Symfony\\Component\\Console\\Application->run()
#28 /var/www/TRDSv2/vendor/laravel/framework/src/Illuminate/Foundation/Console/Kernel.php(129): Illuminate\\Console\\Application->run()
#29 /var/www/TRDSv2/artisan(37): Illuminate\\Foundation\\Console\\Kernel->handle()
#30 {main}

[previous exception] [object] (PDOException(code: 42S01): SQLSTATE[42S01]: Base table or view already exists: 1050 Table 'exam_result_details' already exists at /var/www/TRDSv2/vendor/laravel/framework/src/Illuminate/Database/Connection.php:501)
[stacktrace]
#0 /var/www/TRDSv2/vendor/laravel/framework/src/Illuminate/Database/Connection.php(501): PDOStatement->execute()
#1 /var/www/TRDSv2/vendor/laravel/framework/src/Illuminate/Database/Connection.php(705): Illuminate\\Database\\Connection->Illuminate\\Database\\{closure}()
#2 /var/www/TRDSv2/vendor/laravel/framework/src/Illuminate/Database/Connection.php(672): Illuminate\\Database\\Connection->runQueryCallback()
#3 /var/www/TRDSv2/vendor/laravel/framework/src/Illuminate/Database/Connection.php(502): Illuminate\\Database\\Connection->run()
#4 /var/www/TRDSv2/vendor/laravel/framework/src/Illuminate/Database/Schema/Blueprint.php(109): Illuminate\\Database\\Connection->statement()
#5 /var/www/TRDSv2/vendor/laravel/framework/src/Illuminate/Database/Schema/Builder.php(364): Illuminate\\Database\\Schema\\Blueprint->build()
#6 /var/www/TRDSv2/vendor/laravel/framework/src/Illuminate/Database/Schema/Builder.php(227): Illuminate\\Database\\Schema\\Builder->build()
#7 /var/www/TRDSv2/vendor/laravel/framework/src/Illuminate/Support/Facades/Facade.php(261): Illuminate\\Database\\Schema\\Builder->create()
#8 /var/www/TRDSv2/database/migrations/2026_03_27_053704_create_exam_result_details_table.php(36): Illuminate\\Support\\Facades\\Facade::__callStatic()
#9 /var/www/TRDSv2/vendor/laravel/framework/src/Illuminate/Database/Migrations/Migrator.php(472): CreateExamResultDetailsTable->up()
#10 /var/www/TRDSv2/vendor/laravel/framework/src/Illuminate/Database/Migrations/Migrator.php(394): Illuminate\\Database\\Migrations\\Migrator->runMethod()
#11 /var/www/TRDSv2/vendor/laravel/framework/src/Illuminate/Database/Migrations/Migrator.php(403): Illuminate\\Database\\Migrations\\Migrator->Illuminate\\Database\\Migrations\\{closure}()
#12 /var/www/TRDSv2/vendor/laravel/framework/src/Illuminate/Database/Migrations/Migrator.php(202): Illuminate\\Database\\Migrations\\Migrator->runMigration()
#13 /var/www/TRDSv2/vendor/laravel/framework/src/Illuminate/Database/Migrations/Migrator.php(167): Illuminate\\Database\\Migrations\\Migrator->runUp()
#14 /var/www/TRDSv2/vendor/laravel/framework/src/Illuminate/Database/Migrations/Migrator.php(112): Illuminate\\Database\\Migrations\\Migrator->runPending()
#15 /var/www/TRDSv2/vendor/laravel/framework/src/Illuminate/Database/Console/Migrations/MigrateCommand.php(86): Illuminate\\Database\\Migrations\\Migrator->run()
#16 /var/www/TRDSv2/vendor/laravel/framework/src/Illuminate/Database/Migrations/Migrator.php(606): Illuminate\\Database\\Console\\Migrations\\MigrateCommand->Illuminate\\Database\\Console\\Migrations\\{closure}()
#17 /var/www/TRDSv2/vendor/laravel/framework/src/Illuminate/Database/Console/Migrations/MigrateCommand.php(98): Illuminate\\Database\\Migrations\\Migrator->usingConnection()
#18 /var/www/TRDSv2/vendor/laravel/framework/src/Illuminate/Container/BoundMethod.php(36): Illuminate\\Database\\Console\\Migrations\\MigrateCommand->handle()
#19 /var/www/TRDSv2/vendor/laravel/framework/src/Illuminate/Container/Util.php(40): Illuminate\\Container\\BoundMethod::Illuminate\\Container\\{closure}()
#20 /var/www/TRDSv2/vendor/laravel/framework/src/Illuminate/Container/BoundMethod.php(93): Illuminate\\Container\\Util::unwrapIfClosure()
#21 /var/www/TRDSv2/vendor/laravel/framework/src/Illuminate/Container/BoundMethod.php(37): Illuminate\\Container\\BoundMethod::callBoundMethod()
#22 /var/www/TRDSv2/vendor/laravel/framework/src/Illuminate/Container/Container.php(653): Illuminate\\Container\\BoundMethod::call()
#23 /var/www/TRDSv2/vendor/laravel/framework/src/Illuminate/Console/Command.php(136): Illuminate\\Container\\Container->call()
#24 /var/www/TRDSv2/vendor/symfony/console/Command/Command.php(298): Illuminate\\Console\\Command->execute()
#25 /var/www/TRDSv2/vendor/laravel/framework/src/Illuminate/Console/Command.php(121): Symfony\\Component\\Console\\Command\\Command->run()
#26 /var/www/TRDSv2/vendor/symfony/console/Application.php(1040): Illuminate\\Console\\Command->run()
#27 /var/www/TRDSv2/vendor/symfony/console/Application.php(301): Symfony\\Component\\Console\\Application->doRunCommand()
#28 /var/www/TRDSv2/vendor/symfony/console/Application.php(171): Symfony\\Component\\Console\\Application->doRun()
#29 /var/www/TRDSv2/vendor/laravel/framework/src/Illuminate/Console/Application.php(94): Symfony\\Component\\Console\\Application->run()
#30 /var/www/TRDSv2/vendor/laravel/framework/src/Illuminate/Foundation/Console/Kernel.php(129): Illuminate\\Console\\Application->run()
#31 /var/www/TRDSv2/artisan(37): Illuminate\\Foundation\\Console\\Kernel->handle()
#32 {main}
"} 
